INFO:transcription:Transcribing 2 audio files with tiny.en model.
INFO:transcription:Batch start time: 2026-08-09 11:31:20
INFO:transcription:	res/audio/voice-message-01.mp3 transcription time: 0:00:07.303022
INFO:transcription:	res/audio/voice-message-02.mp3 transcription time: 0:00:04.114047
INFO:transcription:Batch end time: 2026-08-09 11:31:33
INFO:transcription:Total transcription time for batch: 0:00:12.094039

INFO:transcription:Transcribing 23 audio files with tiny model.
INFO:transcription:Batch start time: 2026-08-09 11:50:08
INFO:transcription:	res/audio\2026-07-21-dictation.mp3 transcription time: 0:01:30.521640
INFO:transcription:	res/audio\2026-07-30-dictation.mp3 transcription time: 0:00:54.238197
INFO:transcription:	res/audio\voice-message-01.mp3 transcription time: 0:00:04.278832
INFO:transcription:	res/audio\voice-message-02.mp3 transcription time: 0:00:04.962634
INFO:transcription:	res/audio\voice-message-03.mp3 transcription time: 0:00:03.605994
INFO:transcription:	res/audio\voice-message-04.ogg transcription time: 0:00:01.107363
INFO:transcription:	res/audio\voice-message-05.ogg transcription time: 0:00:01.794945
INFO:transcription:	res/audio\voice-message-06.ogg transcription time: 0:00:03.156272
INFO:transcription:	res/audio\voice-message-07.ogg transcription time: 0:00:03.188501
INFO:transcription:	res/audio\voice-message-08.ogg transcription time: 0:00:01.931596
INFO:transcription:	res/audio\voice-message-09.ogg transcription time: 0:00:04.206676
INFO:transcription:	res/audio\voice-message-10.ogg transcription time: 0:00:04.366068
INFO:transcription:	res/audio\voice-message-11.mp3 transcription time: 0:00:08.110587
INFO:transcription:	res/audio\voice-message-12.mp3 transcription time: 0:00:40.206879
INFO:transcription:	res/audio\voice-message-13.mp3 transcription time: 0:01:07.548337
INFO:transcription:	res/audio\voice-message-14.mp3 transcription time: 0:00:13.573724
INFO:transcription:	res/audio\voice-message-15.mp3 transcription time: 0:00:19.744977
INFO:transcription:	res/audio\voice-message-16.mp3 transcription time: 0:00:10.108024
INFO:transcription:	res/audio\voice-message-17.mp3 transcription time: 0:00:40.792601
INFO:transcription:	res/audio\voice-message-18.mp3 transcription time: 0:00:05.229809
INFO:transcription:	res/audio\voice-message-19.mp3 transcription time: 0:00:11.838398
INFO:transcription:	res/audio\voice-message-20.mp3 transcription time: 0:00:34.932061
INFO:transcription:	res/audio\voice-message-21.mp3 transcription time: 0:00:04.333888
INFO:transcription:Batch end time: 2026-08-09 11:57:23
INFO:transcription:Total transcription time for batch: 0:07:14.649024

INFO:transcription:Transcribing 23 audio files with tiny.en model.
INFO:transcription:Batch start time: 2026-08-09 11:57:23
INFO:transcription:	res/audio\2026-07-21-dictation.mp3 transcription time: 0:01:05.651319
INFO:transcription:	res/audio\2026-07-30-dictation.mp3 transcription time: 0:00:41.009881
INFO:transcription:	res/audio\voice-message-01.mp3 transcription time: 0:00:03.465497
INFO:transcription:	res/audio\voice-message-02.mp3 transcription time: 0:00:04.062286
INFO:transcription:	res/audio\voice-message-03.mp3 transcription time: 0:00:03.354828
INFO:transcription:	res/audio\voice-message-04.ogg transcription time: 0:00:01.207365
INFO:transcription:	res/audio\voice-message-05.ogg transcription time: 0:00:02.232702
INFO:transcription:	res/audio\voice-message-06.ogg transcription time: 0:00:03.169824
INFO:transcription:	res/audio\voice-message-07.ogg transcription time: 0:00:02.084405
INFO:transcription:	res/audio\voice-message-08.ogg transcription time: 0:00:01.572407
INFO:transcription:	res/audio\voice-message-09.ogg transcription time: 0:00:03.734524
INFO:transcription:	res/audio\voice-message-10.ogg transcription time: 0:00:03.332136
INFO:transcription:	res/audio\voice-message-11.mp3 transcription time: 0:00:06.737961
INFO:transcription:	res/audio\voice-message-12.mp3 transcription time: 0:00:35.926181
INFO:transcription:	res/audio\voice-message-13.mp3 transcription time: 0:00:51.785305
INFO:transcription:	res/audio\voice-message-14.mp3 transcription time: 0:00:12.390772
INFO:transcription:	res/audio\voice-message-15.mp3 transcription time: 0:00:21.695578
INFO:transcription:	res/audio\voice-message-16.mp3 transcription time: 0:00:09.343481
INFO:transcription:	res/audio\voice-message-17.mp3 transcription time: 0:00:37.341235
INFO:transcription:	res/audio\voice-message-18.mp3 transcription time: 0:00:04.405446
INFO:transcription:	res/audio\voice-message-19.mp3 transcription time: 0:00:12.904887
INFO:transcription:	res/audio\voice-message-20.mp3 transcription time: 0:00:38.180046
INFO:transcription:	res/audio\voice-message-21.mp3 transcription time: 0:00:04.342121
INFO:transcription:Batch end time: 2026-08-09 12:03:33
INFO:transcription:Total transcription time for batch: 0:06:10.422330

INFO:transcription:Transcribing 23 audio files with base model.
INFO:transcription:Batch start time: 2026-08-09 12:03:34
INFO:transcription:	res/audio\2026-07-21-dictation.mp3 transcription time: 0:02:20.520357
INFO:transcription:	res/audio\2026-07-30-dictation.mp3 transcription time: 0:01:25.404724
INFO:transcription:	res/audio\voice-message-01.mp3 transcription time: 0:00:08.383206
INFO:transcription:	res/audio\voice-message-02.mp3 transcription time: 0:00:07.700503
INFO:transcription:	res/audio\voice-message-03.mp3 transcription time: 0:00:05.603074
INFO:transcription:	res/audio\voice-message-04.ogg transcription time: 0:00:03.106955
INFO:transcription:	res/audio\voice-message-05.ogg transcription time: 0:00:04.147327
INFO:transcription:	res/audio\voice-message-06.ogg transcription time: 0:00:06.038789
INFO:transcription:	res/audio\voice-message-07.ogg transcription time: 0:00:05.370082
INFO:transcription:	res/audio\voice-message-08.ogg transcription time: 0:00:03.150797
INFO:transcription:	res/audio\voice-message-09.ogg transcription time: 0:00:06.406855
INFO:transcription:	res/audio\voice-message-10.ogg transcription time: 0:00:07.659954
INFO:transcription:	res/audio\voice-message-11.mp3 transcription time: 0:00:15.038515
INFO:transcription:	res/audio\voice-message-12.mp3 transcription time: 0:01:05.256621
INFO:transcription:	res/audio\voice-message-13.mp3 transcription time: 0:01:48.048644
INFO:transcription:	res/audio\voice-message-14.mp3 transcription time: 0:00:21.961532
INFO:transcription:	res/audio\voice-message-15.mp3 transcription time: 0:00:40.825938
INFO:transcription:	res/audio\voice-message-16.mp3 transcription time: 0:00:18.495455
INFO:transcription:	res/audio\voice-message-17.mp3 transcription time: 0:01:16.676674
INFO:transcription:	res/audio\voice-message-18.mp3 transcription time: 0:00:09.017960
INFO:transcription:	res/audio\voice-message-19.mp3 transcription time: 0:00:20.212042
INFO:transcription:	res/audio\voice-message-20.mp3 transcription time: 0:01:04.100184
INFO:transcription:	res/audio\voice-message-21.mp3 transcription time: 0:00:07.791144
INFO:transcription:Batch end time: 2026-08-09 12:15:45
INFO:transcription:Total transcription time for batch: 0:12:11.859635

INFO:transcription:Transcribing 23 audio files with base.ensmall model.
INFO:transcription:Batch start time: 2026-08-09 12:15:46
INFO:transcription:Transcribing 23 audio files with base.en model.
INFO:transcription:Batch start time: 2026-08-09 12:17:05
INFO:transcription:	res/audio\2026-07-21-dictation.mp3 transcription time: 0:02:17.184578
INFO:transcription:	res/audio\2026-07-30-dictation.mp3 transcription time: 0:01:25.389830
INFO:transcription:	res/audio\voice-message-01.mp3 transcription time: 0:00:05.674854
INFO:transcription:	res/audio\voice-message-02.mp3 transcription time: 0:00:05.369467
INFO:transcription:	res/audio\voice-message-03.mp3 transcription time: 0:00:04.369056
INFO:transcription:	res/audio\voice-message-04.ogg transcription time: 0:00:01.797520
INFO:transcription:	res/audio\voice-message-05.ogg transcription time: 0:00:02.840441
INFO:transcription:	res/audio\voice-message-06.ogg transcription time: 0:00:03.921749
INFO:transcription:	res/audio\voice-message-07.ogg transcription time: 0:00:03.999234
INFO:transcription:	res/audio\voice-message-08.ogg transcription time: 0:00:02.496739
INFO:transcription:	res/audio\voice-message-09.ogg transcription time: 0:00:06.229555
INFO:transcription:	res/audio\voice-message-10.ogg transcription time: 0:00:06.767366
INFO:transcription:	res/audio\voice-message-11.mp3 transcription time: 0:00:11.566509
INFO:transcription:	res/audio\voice-message-12.mp3 transcription time: 0:01:04.063256
INFO:transcription:	res/audio\voice-message-13.mp3 transcription time: 0:01:30.420202
INFO:transcription:	res/audio\voice-message-14.mp3 transcription time: 0:00:23.305988
INFO:transcription:	res/audio\voice-message-15.mp3 transcription time: 0:00:35.293305
INFO:transcription:	res/audio\voice-message-16.mp3 transcription time: 0:00:18.041783
INFO:transcription:	res/audio\voice-message-17.mp3 transcription time: 0:01:17.994853
INFO:transcription:	res/audio\voice-message-18.mp3 transcription time: 0:00:07.628825
INFO:transcription:	res/audio\voice-message-19.mp3 transcription time: 0:00:19.436145
INFO:transcription:	res/audio\voice-message-20.mp3 transcription time: 0:01:10.869409
INFO:transcription:	res/audio\voice-message-21.mp3 transcription time: 0:00:07.790287
INFO:transcription:Batch end time: 2026-08-09 12:28:39
INFO:transcription:Total transcription time for batch: 0:11:33.866058

INFO:transcription:Transcribing 23 audio files with small model.
INFO:transcription:Batch start time: 2026-08-09 12:28:39
INFO:transcription:	res/audio\2026-07-21-dictation.mp3 transcription time: 0:07:10.922119
INFO:transcription:	res/audio\2026-07-30-dictation.mp3 transcription time: 0:04:43.170132
INFO:transcription:	res/audio\voice-message-01.mp3 transcription time: 0:00:21.835594
INFO:transcription:	res/audio\voice-message-02.mp3 transcription time: 0:00:22.969051
INFO:transcription:	res/audio\voice-message-03.mp3 transcription time: 0:00:16.868525
INFO:transcription:	res/audio\voice-message-04.ogg transcription time: 0:00:08.580406
INFO:transcription:	res/audio\voice-message-05.ogg transcription time: 0:00:10.665918
INFO:transcription:	res/audio\voice-message-06.ogg transcription time: 0:00:18.245814
INFO:transcription:	res/audio\voice-message-07.ogg transcription time: 0:00:20.255664
INFO:transcription:	res/audio\voice-message-08.ogg transcription time: 0:00:11.827120
INFO:transcription:	res/audio\voice-message-09.ogg transcription time: 0:00:21.243976
INFO:transcription:	res/audio\voice-message-10.ogg transcription time: 0:00:24.021775
INFO:transcription:	res/audio\voice-message-11.mp3 transcription time: 0:00:47.528728
INFO:transcription:	res/audio\voice-message-12.mp3 transcription time: 0:03:11.870500
INFO:transcription:	res/audio\voice-message-13.mp3 transcription time: 0:05:02.863610
INFO:transcription:	res/audio\voice-message-14.mp3 transcription time: 0:01:07.596158
INFO:transcription:	res/audio\voice-message-15.mp3 transcription time: 0:01:55.689978
INFO:transcription:	res/audio\voice-message-16.mp3 transcription time: 0:00:55.917851
INFO:transcription:	res/audio\voice-message-17.mp3 transcription time: 0:03:03.629262
INFO:transcription:	res/audio\voice-message-18.mp3 transcription time: 0:00:24.640423
INFO:transcription:	res/audio\voice-message-19.mp3 transcription time: 0:00:53.799893
INFO:transcription:	res/audio\voice-message-20.mp3 transcription time: 0:03:43.339820
INFO:transcription:	res/audio\voice-message-21.mp3 transcription time: 0:00:22.972048
INFO:transcription:Batch end time: 2026-08-09 13:05:03
INFO:transcription:Total transcription time for batch: 0:36:24.306052

INFO:transcription:Transcribing 23 audio files with small.en model.
INFO:transcription:Batch start time: 2026-08-09 13:05:04
INFO:transcription:	res/audio\2026-07-21-dictation.mp3 transcription time: 0:07:09.160577
INFO:transcription:	res/audio\2026-07-30-dictation.mp3 transcription time: 0:04:27.296396
INFO:transcription:	res/audio\voice-message-01.mp3 transcription time: 0:00:19.485997
INFO:transcription:	res/audio\voice-message-02.mp3 transcription time: 0:00:27.537897
INFO:transcription:	res/audio\voice-message-03.mp3 transcription time: 0:00:18.996213
INFO:transcription:	res/audio\voice-message-04.ogg transcription time: 0:00:07.431873
INFO:transcription:	res/audio\voice-message-05.ogg transcription time: 0:00:10.884188
INFO:transcription:	res/audio\voice-message-06.ogg transcription time: 0:00:17.264535
INFO:transcription:	res/audio\voice-message-07.ogg transcription time: 0:00:16.132281
INFO:transcription:	res/audio\voice-message-08.ogg transcription time: 0:00:08.706863
INFO:transcription:	res/audio\voice-message-09.ogg transcription time: 0:00:19.904197
INFO:transcription:	res/audio\voice-message-10.ogg transcription time: 0:00:19.606299
INFO:transcription:	res/audio\voice-message-11.mp3 transcription time: 0:00:45.574515
INFO:transcription:	res/audio\voice-message-12.mp3 transcription time: 0:03:26.130417
INFO:transcription:	res/audio\voice-message-13.mp3 transcription time: 0:04:54.952019
INFO:transcription:	res/audio\voice-message-14.mp3 transcription time: 0:01:06.218385
INFO:transcription:	res/audio\voice-message-15.mp3 transcription time: 0:01:55.766135
INFO:transcription:	res/audio\voice-message-16.mp3 transcription time: 0:00:56.332160
INFO:transcription:	res/audio\voice-message-17.mp3 transcription time: 0:03:43.758472
INFO:transcription:	res/audio\voice-message-18.mp3 transcription time: 0:00:26.987934
INFO:transcription:	res/audio\voice-message-19.mp3 transcription time: 0:01:05.006009
INFO:transcription:	res/audio\voice-message-20.mp3 transcription time: 0:03:05.316267
INFO:transcription:	res/audio\voice-message-21.mp3 transcription time: 0:00:18.415551
INFO:transcription:Batch end time: 2026-08-09 13:41:14
INFO:transcription:Total transcription time for batch: 0:36:09.768436

